[hotflix.volkovdesign.com/admin/index.html]
[hotflix.volkovdesign.com/admin/css/bootstrap-reboot.min.css]
[hotflix.volkovdesign.com/admin/css/bootstrap-grid.min.css]
[hotflix.volkovdesign.com/admin/css/magnific-popup.css]
[hotflix.volkovdesign.com/admin/css/jquery.mCustomScrollbar.min.css]
[hotflix.volkovdesign.com/admin/css/select2.min.css]
[hotflix.volkovdesign.com/admin/css/ionicons.min.css]
[hotflix.volkovdesign.com/admin/css/admin.css]
[hotflix.volkovdesign.com/admin/icon/favicon-32x32.png]
[backblue.gif]
[fade.gif]
[index.html]
[hotflix.volkovdesign.com/admin/catalog.html]
[hotflix.volkovdesign.com/admin/add-item.html]
[hotflix.volkovdesign.com/admin/edit-user.html]
[hotflix.volkovdesign.com/admin/signin.html]
[hotflix.volkovdesign.com/admin/signup.html]
[hotflix.volkovdesign.com/admin/forgot.html]
[hotflix.volkovdesign.com/admin/users.html]
[hotflix.volkovdesign.com/admin/comments.html]
[hotflix.volkovdesign.com/admin/reviews.html]
[hotflix.volkovdesign.com/admin/js/jquery-3.5.1.min.js]
[hotflix.volkovdesign.com/admin/js/jquery.mousewheel.min.js]
[hotflix.volkovdesign.com/admin/js/jquery.magnific-popup.min.js]
[hotflix.volkovdesign.com/admin/js/bootstrap.bundle.min.js]
[hotflix.volkovdesign.com/admin/js/admin.js]
[hotflix.volkovdesign.com/admin/index.html]
[hotflix.volkovdesign.com/admin/css/bootstrap-reboot.min.css]
[hotflix.volkovdesign.com/admin/css/bootstrap-grid.min.css]
[hotflix.volkovdesign.com/admin/css/magnific-popup.css]
[hotflix.volkovdesign.com/admin/js/jquery.mCustomScrollbar.min.js]
[hotflix.volkovdesign.com/admin/js/select2.min.js]
[hotflix.volkovdesign.com/admin/css/jquery.mCustomScrollbar.min.css]
[hotflix.volkovdesign.com/admin/css/select2.min.css]
[hotflix.volkovdesign.com/admin/fonts/ioniconsde33.eot]
[hotflix.volkovdesign.com/admin/fonts/ioniconsde33.woff2]
[hotflix.volkovdesign.com/admin/fonts/ioniconsde33.woff]
[hotflix.volkovdesign.com/admin/fonts/ioniconsde33.ttf]
[hotflix.volkovdesign.com/admin/fonts/ioniconsde33.svg]
[hotflix.volkovdesign.com/admin/css/ionicons.min.css]
[hotflix.volkovdesign.com/admin/css/admin.css]
[hotflix.volkovdesign.com/admin/img/logo.svg]
[hotflix.volkovdesign.com/admin/img/user.svg]
[hotflix.volkovdesign.com/admin/catalog.html]
[hotflix.volkovdesign.com/admin/add-item.html]
[hotflix.volkovdesign.com/admin/edit-user.html]
[hotflix.volkovdesign.com/admin/img/section/section.jpg]
[hotflix.volkovdesign.com/admin/signin.html]
[hotflix.volkovdesign.com/admin/signup.html]
[hotflix.volkovdesign.com/admin/forgot.html]
[hotflix.volkovdesign.com/admin/404.html]
[hotflix.volkovdesign.com/admin/users.html]
[hotflix.volkovdesign.com/admin/comments.html]
[hotflix.volkovdesign.com/admin/reviews.html]
[hotflix.volkovdesign.com/admin/css/mCSB_buttons.html]
[hotflix.volkovdesign.com/admin/fonts/ioniconsde33.svg]
